// Jest Snapshot v1, https://goo.gl/fbAQLP

exports[`Test for the components should render the cardComponent 1`] = `
Array [
  <div>
    <div
      className="top"
    >
      <h3 />
    </div>
  </div>,
  <div>
    <h6>
      Total Recovered
    </h6>
    <h6 />
  </div>,
]
`;
